2026-08-30 17:31:59.906: [INFO] CurrentProfilePath: C:\Users\Ajinkya\OneDrive\Attachments\Desktop\CDAC\.metadata\.plugins\org.eclipse.swt\EBWebView\Default
2026-08-30 17:31:59.906: [INFO] Profiles total count: 1
2026-08-30 17:31:59.906: [INFO] Profile: name=Profile 1 path=C:\Users\Ajinkya\OneDrive\Attachments\Desktop\CDAC\.metadata\.plugins\org.eclipse.swt\EBWebView\Default lastActive=null
2026-08-30 17:31:59.906: [INFO] LastUsedProfileDir: C:\Users\Ajinkya\OneDrive\Attachments\Desktop\CDAC\.metadata\.plugins\org.eclipse.swt\EBWebView\Default
2026-08-30 17:31:59.906: [INFO] OnDoneLoading sync enabled: 0
2026-08-30 17:31:59.907: [INFO] BookmarkModelLoaded, ids_reassigned: 0
2026-08-30 17:31:59.907: [INFO] BookmarksLoadDropped droppedNodes=0
2026-08-30 17:31:59.907: [INFO] BookmarksSnapshot Startup total=0 bar=0 other=0 mobile=0 showBar=0 showBarNTP=1
2026-08-30 17:33:06.145: [INFO] BookmarksSnapshot Shutdown total=0 bar=0 other=0 mobile=0 showBar=0 showBarNTP=1
2026-08-30 17:35:50.629: [INFO] CurrentProfilePath: C:\Users\Ajinkya\OneDrive\Attachments\Desktop\CDAC\.metadata\.plugins\org.eclipse.swt\EBWebView\Default
2026-08-30 17:35:50.629: [INFO] Profiles total count: 1
2026-08-30 17:35:50.630: [INFO] Profile: name=Profile 1 path=C:\Users\Ajinkya\OneDrive\Attachments\Desktop\CDAC\.metadata\.plugins\org.eclipse.swt\EBWebView\Default lastActive=2026-08-30T17:32:54.616Z
2026-08-30 17:35:50.630: [INFO] LastUsedProfileDir: C:\Users\Ajinkya\OneDrive\Attachments\Desktop\CDAC\.metadata\.plugins\org.eclipse.swt\EBWebView\Default
2026-08-30 17:35:50.630: [INFO] MostRecentlyActiveProfile: name=Profile 1 path=C:\Users\Ajinkya\OneDrive\Attachments\Desktop\CDAC\.metadata\.plugins\org.eclipse.swt\EBWebView\Default lastActive=2026-08-30T17:32:54.616Z
2026-08-30 17:35:50.630: [INFO] OnDoneLoading sync enabled: 0
2026-08-30 17:35:50.630: [INFO] BookmarkModelLoaded, ids_reassigned: 0
2026-08-30 17:35:50.630: [INFO] BookmarksLoadDropped droppedNodes=0
2026-08-30 17:35:50.630: [INFO] BookmarksSnapshot Startup total=0 bar=0 other=0 mobile=0 showBar=0 showBarNTP=1
2026-08-30 17:35:51.606: [INFO] BookmarksSnapshot Shutdown total=0 bar=0 other=0 mobile=0 showBar=0 showBarNTP=1
2026-09-23 03:24:54.219: [INFO] CurrentProfilePath: C:\Users\Ajinkya\OneDrive\Attachments\Desktop\CDAC\.metadata\.plugins\org.eclipse.swt\EBWebView\Default
2026-09-23 03:24:54.219: [INFO] Profiles total count: 1
2026-09-23 03:24:54.220: [INFO] Profile: name=Profile 1 path=C:\Users\Ajinkya\OneDrive\Attachments\Desktop\CDAC\.metadata\.plugins\org.eclipse.swt\EBWebView\Default lastActive=2026-08-30T17:32:54.616Z
2026-09-23 03:24:54.220: [INFO] LastUsedProfileDir: C:\Users\Ajinkya\OneDrive\Attachments\Desktop\CDAC\.metadata\.plugins\org.eclipse.swt\EBWebView\Default
2026-09-23 03:24:54.220: [INFO] MostRecentlyActiveProfile: name=Profile 1 path=C:\Users\Ajinkya\OneDrive\Attachments\Desktop\CDAC\.metadata\.plugins\org.eclipse.swt\EBWebView\Default lastActive=2026-08-30T17:32:54.616Z
2026-09-23 03:24:54.220: [INFO] OnDoneLoading sync enabled: 0
2026-09-23 03:24:54.220: [INFO] BookmarkModelLoaded, ids_reassigned: 0
2026-09-23 03:24:54.220: [INFO] BookmarksLoadDropped droppedNodes=0
2026-09-23 03:24:54.220: [INFO] BookmarksSnapshot Startup total=0 bar=0 other=0 mobile=0 showBar=0 showBarNTP=1
2026-09-23 03:24:55.971: [INFO] BookmarksSnapshot Shutdown total=0 bar=0 other=0 mobile=0 showBar=0 showBarNTP=1
2026-09-23 03:25:29.448: [INFO] CurrentProfilePath: C:\Users\Ajinkya\OneDrive\Attachments\Desktop\CDAC\.metadata\.plugins\org.eclipse.swt\EBWebView\Default
2026-09-23 03:25:29.448: [INFO] Profiles total count: 1
2026-09-23 03:25:29.448: [INFO] Profile: name=Profile 1 path=C:\Users\Ajinkya\OneDrive\Attachments\Desktop\CDAC\.metadata\.plugins\org.eclipse.swt\EBWebView\Default lastActive=2026-08-30T17:32:54.616Z
2026-09-23 03:25:29.448: [INFO] LastUsedProfileDir: C:\Users\Ajinkya\OneDrive\Attachments\Desktop\CDAC\.metadata\.plugins\org.eclipse.swt\EBWebView\Default
2026-09-23 03:25:29.448: [INFO] MostRecentlyActiveProfile: name=Profile 1 path=C:\Users\Ajinkya\OneDrive\Attachments\Desktop\CDAC\.metadata\.plugins\org.eclipse.swt\EBWebView\Default lastActive=2026-08-30T17:32:54.616Z
2026-09-23 03:25:29.448: [INFO] OnDoneLoading sync enabled: 0
2026-09-23 03:25:29.448: [INFO] BookmarkModelLoaded, ids_reassigned: 0
2026-09-23 03:25:29.448: [INFO] BookmarksLoadDropped droppedNodes=0
2026-09-23 03:25:29.448: [INFO] BookmarksSnapshot Startup total=0 bar=0 other=0 mobile=0 showBar=0 showBarNTP=1
2026-09-23 03:25:29.567: [INFO] BookmarksSnapshot Shutdown total=0 bar=0 other=0 mobile=0 showBar=0 showBarNTP=1
2026-09-23 03:26:38.470: [INFO] CurrentProfilePath: C:\Users\Ajinkya\OneDrive\Attachments\Desktop\CDAC\.metadata\.plugins\org.eclipse.swt\EBWebView\Default
2026-09-23 03:26:38.470: [INFO] Profiles total count: 1
2026-09-23 03:26:38.470: [INFO] Profile: name=Profile 1 path=C:\Users\Ajinkya\OneDrive\Attachments\Desktop\CDAC\.metadata\.plugins\org.eclipse.swt\EBWebView\Default lastActive=2026-08-30T17:32:54.616Z
2026-09-23 03:26:38.470: [INFO] LastUsedProfileDir: C:\Users\Ajinkya\OneDrive\Attachments\Desktop\CDAC\.metadata\.plugins\org.eclipse.swt\EBWebView\Default
2026-09-23 03:26:38.471: [INFO] MostRecentlyActiveProfile: name=Profile 1 path=C:\Users\Ajinkya\OneDrive\Attachments\Desktop\CDAC\.metadata\.plugins\org.eclipse.swt\EBWebView\Default lastActive=2026-08-30T17:32:54.616Z
2026-09-23 03:26:38.471: [INFO] OnDoneLoading sync enabled: 0
2026-09-23 03:26:38.471: [INFO] BookmarkModelLoaded, ids_reassigned: 0
2026-09-23 03:26:38.471: [INFO] BookmarksLoadDropped droppedNodes=0
2026-09-23 03:26:38.471: [INFO] BookmarksSnapshot Startup total=0 bar=0 other=0 mobile=0 showBar=0 showBarNTP=1
2026-09-23 03:26:38.591: [INFO] BookmarksSnapshot Shutdown total=0 bar=0 other=0 mobile=0 showBar=0 showBarNTP=1
2026-09-23 03:27:50.961: [INFO] CurrentProfilePath: C:\Users\Ajinkya\OneDrive\Attachments\Desktop\CDAC\.metadata\.plugins\org.eclipse.swt\EBWebView\Default
2026-09-23 03:27:50.961: [INFO] Profiles total count: 1
2026-09-23 03:27:50.962: [INFO] Profile: name=Profile 1 path=C:\Users\Ajinkya\OneDrive\Attachments\Desktop\CDAC\.metadata\.plugins\org.eclipse.swt\EBWebView\Default lastActive=2026-08-30T17:32:54.616Z
2026-09-23 03:27:50.962: [INFO] LastUsedProfileDir: C:\Users\Ajinkya\OneDrive\Attachments\Desktop\CDAC\.metadata\.plugins\org.eclipse.swt\EBWebView\Default
2026-09-23 03:27:50.962: [INFO] MostRecentlyActiveProfile: name=Profile 1 path=C:\Users\Ajinkya\OneDrive\Attachments\Desktop\CDAC\.metadata\.plugins\org.eclipse.swt\EBWebView\Default lastActive=2026-08-30T17:32:54.616Z
2026-09-23 03:27:50.962: [INFO] OnDoneLoading sync enabled: 0
2026-09-23 03:27:50.962: [INFO] BookmarkModelLoaded, ids_reassigned: 0
2026-09-23 03:27:50.962: [INFO] BookmarksLoadDropped droppedNodes=0
2026-09-23 03:27:50.962: [INFO] BookmarksSnapshot Startup total=0 bar=0 other=0 mobile=0 showBar=0 showBarNTP=1
2026-09-23 03:28:36.504: [INFO] BookmarksSnapshot Shutdown total=0 bar=0 other=0 mobile=0 showBar=0 showBarNTP=1
2026-09-23 03:29:21.294: [INFO] CurrentProfilePath: C:\Users\Ajinkya\OneDrive\Attachments\Desktop\CDAC\.metadata\.plugins\org.eclipse.swt\EBWebView\Default
2026-09-23 03:29:21.294: [INFO] Profiles total count: 1
2026-09-23 03:29:21.294: [INFO] Profile: name=Profile 1 path=C:\Users\Ajinkya\OneDrive\Attachments\Desktop\CDAC\.metadata\.plugins\org.eclipse.swt\EBWebView\Default lastActive=2026-08-30T17:32:54.616Z
2026-09-23 03:29:21.294: [INFO] LastUsedProfileDir: C:\Users\Ajinkya\OneDrive\Attachments\Desktop\CDAC\.metadata\.plugins\org.eclipse.swt\EBWebView\Default
2026-09-23 03:29:21.294: [INFO] MostRecentlyActiveProfile: name=Profile 1 path=C:\Users\Ajinkya\OneDrive\Attachments\Desktop\CDAC\.metadata\.plugins\org.eclipse.swt\EBWebView\Default lastActive=2026-08-30T17:32:54.616Z
2026-09-23 03:29:21.294: [INFO] OnDoneLoading sync enabled: 0
2026-09-23 03:29:21.294: [INFO] BookmarkModelLoaded, ids_reassigned: 0
2026-09-23 03:29:21.294: [INFO] BookmarksLoadDropped droppedNodes=0
2026-09-23 03:29:21.294: [INFO] BookmarksSnapshot Startup total=0 bar=0 other=0 mobile=0 showBar=0 showBarNTP=1
2026-09-23 03:29:24.413: [INFO] BookmarksSnapshot Shutdown total=0 bar=0 other=0 mobile=0 showBar=0 showBarNTP=1
2026-09-23 03:29:32.074: [INFO] CurrentProfilePath: C:\Users\Ajinkya\OneDrive\Attachments\Desktop\CDAC\.metadata\.plugins\org.eclipse.swt\EBWebView\Default
2026-09-23 03:29:32.074: [INFO] Profiles total count: 1
2026-09-23 03:29:32.074: [INFO] Profile: name=Profile 1 path=C:\Users\Ajinkya\OneDrive\Attachments\Desktop\CDAC\.metadata\.plugins\org.eclipse.swt\EBWebView\Default lastActive=2026-08-30T17:32:54.616Z
2026-09-23 03:29:32.074: [INFO] LastUsedProfileDir: C:\Users\Ajinkya\OneDrive\Attachments\Desktop\CDAC\.metadata\.plugins\org.eclipse.swt\EBWebView\Default
2026-09-23 03:29:32.074: [INFO] MostRecentlyActiveProfile: name=Profile 1 path=C:\Users\Ajinkya\OneDrive\Attachments\Desktop\CDAC\.metadata\.plugins\org.eclipse.swt\EBWebView\Default lastActive=2026-08-30T17:32:54.616Z
2026-09-23 03:29:32.074: [INFO] OnDoneLoading sync enabled: 0
2026-09-23 03:29:32.074: [INFO] BookmarkModelLoaded, ids_reassigned: 0
2026-09-23 03:29:32.074: [INFO] BookmarksLoadDropped droppedNodes=0
2026-09-23 03:29:32.074: [INFO] BookmarksSnapshot Startup total=0 bar=0 other=0 mobile=0 showBar=0 showBarNTP=1
2026-09-23 03:29:36.494: [INFO] BookmarksSnapshot Shutdown total=0 bar=0 other=0 mobile=0 showBar=0 showBarNTP=1
2026-09-23 03:29:50.608: [INFO] CurrentProfilePath: C:\Users\Ajinkya\OneDrive\Attachments\Desktop\CDAC\.metadata\.plugins\org.eclipse.swt\EBWebView\Default
2026-09-23 03:29:50.608: [INFO] Profiles total count: 1
2026-09-23 03:29:50.608: [INFO] Profile: name=Profile 1 path=C:\Users\Ajinkya\OneDrive\Attachments\Desktop\CDAC\.metadata\.plugins\org.eclipse.swt\EBWebView\Default lastActive=2026-08-30T17:32:54.616Z
2026-09-23 03:29:50.608: [INFO] LastUsedProfileDir: C:\Users\Ajinkya\OneDrive\Attachments\Desktop\CDAC\.metadata\.plugins\org.eclipse.swt\EBWebView\Default
2026-09-23 03:29:50.608: [INFO] MostRecentlyActiveProfile: name=Profile 1 path=C:\Users\Ajinkya\OneDrive\Attachments\Desktop\CDAC\.metadata\.plugins\org.eclipse.swt\EBWebView\Default lastActive=2026-08-30T17:32:54.616Z
2026-09-23 03:29:50.608: [INFO] OnDoneLoading sync enabled: 0
2026-09-23 03:29:50.608: [INFO] BookmarkModelLoaded, ids_reassigned: 0
2026-09-23 03:29:50.608: [INFO] BookmarksLoadDropped droppedNodes=0
2026-09-23 03:29:50.608: [INFO] BookmarksSnapshot Startup total=0 bar=0 other=0 mobile=0 showBar=0 showBarNTP=1
2026-09-23 03:29:56.656: [INFO] BookmarksSnapshot Shutdown total=0 bar=0 other=0 mobile=0 showBar=0 showBarNTP=1
2026-09-23 03:30:26.420: [INFO] CurrentProfilePath: C:\Users\Ajinkya\OneDrive\Attachments\Desktop\CDAC\.metadata\.plugins\org.eclipse.swt\EBWebView\Default
2026-09-23 03:30:26.420: [INFO] Profiles total count: 1
2026-09-23 03:30:26.420: [INFO] Profile: name=Profile 1 path=C:\Users\Ajinkya\OneDrive\Attachments\Desktop\CDAC\.metadata\.plugins\org.eclipse.swt\EBWebView\Default lastActive=2026-08-30T17:32:54.616Z
2026-09-23 03:30:26.420: [INFO] LastUsedProfileDir: C:\Users\Ajinkya\OneDrive\Attachments\Desktop\CDAC\.metadata\.plugins\org.eclipse.swt\EBWebView\Default
2026-09-23 03:30:26.420: [INFO] MostRecentlyActiveProfile: name=Profile 1 path=C:\Users\Ajinkya\OneDrive\Attachments\Desktop\CDAC\.metadata\.plugins\org.eclipse.swt\EBWebView\Default lastActive=2026-08-30T17:32:54.616Z
2026-09-23 03:30:26.420: [INFO] OnDoneLoading sync enabled: 0
2026-09-23 03:30:26.420: [INFO] BookmarkModelLoaded, ids_reassigned: 0
2026-09-23 03:30:26.420: [INFO] BookmarksLoadDropped droppedNodes=0
2026-09-23 03:30:26.420: [INFO] BookmarksSnapshot Startup total=0 bar=0 other=0 mobile=0 showBar=0 showBarNTP=1
2026-09-23 03:30:40.591: [INFO] BookmarksSnapshot Shutdown total=0 bar=0 other=0 mobile=0 showBar=0 showBarNTP=1
2026-09-23 03:31:18.363: [INFO] CurrentProfilePath: C:\Users\Ajinkya\OneDrive\Attachments\Desktop\CDAC\.metadata\.plugins\org.eclipse.swt\EBWebView\Default
2026-09-23 03:31:18.363: [INFO] Profiles total count: 1
2026-09-23 03:31:18.364: [INFO] Profile: name=Profile 1 path=C:\Users\Ajinkya\OneDrive\Attachments\Desktop\CDAC\.metadata\.plugins\org.eclipse.swt\EBWebView\Default lastActive=2026-08-30T17:32:54.616Z
2026-09-23 03:31:18.364: [INFO] LastUsedProfileDir: C:\Users\Ajinkya\OneDrive\Attachments\Desktop\CDAC\.metadata\.plugins\org.eclipse.swt\EBWebView\Default
2026-09-23 03:31:18.364: [INFO] MostRecentlyActiveProfile: name=Profile 1 path=C:\Users\Ajinkya\OneDrive\Attachments\Desktop\CDAC\.metadata\.plugins\org.eclipse.swt\EBWebView\Default lastActive=2026-08-30T17:32:54.616Z
2026-09-23 03:31:18.364: [INFO] OnDoneLoading sync enabled: 0
2026-09-23 03:31:18.364: [INFO] BookmarkModelLoaded, ids_reassigned: 0
2026-09-23 03:31:18.364: [INFO] BookmarksLoadDropped droppedNodes=0
2026-09-23 03:31:18.364: [INFO] BookmarksSnapshot Startup total=0 bar=0 other=0 mobile=0 showBar=0 showBarNTP=1
2026-09-23 03:34:07.342: [INFO] BookmarksSnapshot Shutdown total=0 bar=0 other=0 mobile=0 showBar=0 showBarNTP=1
2026-09-27 14:24:46.649: [INFO] CurrentProfilePath: C:\Users\Ajinkya\OneDrive\Attachments\Desktop\CDAC\.metadata\.plugins\org.eclipse.swt\EBWebView\Default
2026-09-27 14:24:46.649: [INFO] Profiles total count: 1
2026-09-27 14:24:46.649: [INFO] Profile: name=Profile 1 path=C:\Users\Ajinkya\OneDrive\Attachments\Desktop\CDAC\.metadata\.plugins\org.eclipse.swt\EBWebView\Default lastActive=2026-08-30T17:32:54.616Z
2026-09-27 14:24:46.649: [INFO] LastUsedProfileDir: C:\Users\Ajinkya\OneDrive\Attachments\Desktop\CDAC\.metadata\.plugins\org.eclipse.swt\EBWebView\Default
2026-09-27 14:24:46.649: [INFO] MostRecentlyActiveProfile: name=Profile 1 path=C:\Users\Ajinkya\OneDrive\Attachments\Desktop\CDAC\.metadata\.plugins\org.eclipse.swt\EBWebView\Default lastActive=2026-08-30T17:32:54.616Z
2026-09-27 14:24:46.649: [INFO] OnDoneLoading sync enabled: 0
2026-09-27 14:24:46.649: [INFO] BookmarkModelLoaded, ids_reassigned: 0
2026-09-27 14:24:46.649: [INFO] BookmarksLoadDropped droppedNodes=0
2026-09-27 14:24:46.649: [INFO] BookmarksSnapshot Startup total=0 bar=0 other=0 mobile=0 showBar=0 showBarNTP=1
2026-09-27 14:24:57.717: [INFO] BookmarksSnapshot Shutdown total=0 bar=0 other=0 mobile=0 showBar=0 showBarNTP=1
